07/27/2024 02:57:59 PM Logging starts
Could not parse /tmp/.gitignore: Mock error
Traceback (most recent call last):
  File "./popular_projects_snippets_dataset/black/bodies/body_123_guide_7_7.py", line 40, in <module>
    aux = PathSpec.from_lines("gitwildmatch", lines)
  File "./popular_projects_snippets_dataset/black/bodies/body_123_guide_7_7.py", line 14, in from_lines
    raise GitWildMatchPatternError('Mock error') # pragma: no cover
pathspec.patterns.gitwildmatch.GitWildMatchPatternError: Mock error

During handling of the above exception, another exception occurred:

Traceback (most recent call last):
  File "./popular_projects_snippets_dataset/black/bodies/body_123_guide_7_7.py", line 46, in <module>
    err(f"Could not parse {gitignore}: {e}")
  File "./popular_projects_snippets_dataset/black/bodies/body_123_guide_7_7.py", line 10, in err
    print(f'Exit with: {aux}') # pragma: no cover
NameError: name 'aux' is not defined
Command exited with non-zero status 1
1.53user 3.68system 0:00.66elapsed 789%CPU (0avgtext+0avgdata 69204maxresident)k
0inputs+80outputs (2major+20249minor)pagefaults 0swaps
