07/27/2024 02:56:37 PM Logging starts
Could not parse .gitignore: Invalid pattern encountered
Traceback (most recent call last):
  File "./popular_projects_snippets_dataset/black/bodies/body_123_guide_4_7.py", line 43, in <module>
    aux = PathSpec.from_lines("gitwildmatch", lines)
  File "./popular_projects_snippets_dataset/black/bodies/body_123_guide_4_7.py", line 15, in from_lines
    raise GitWildMatchPatternError('Invalid pattern encountered') # pragma: no cover
pathspec.patterns.gitwildmatch.GitWildMatchPatternError: Invalid pattern encountered

During handling of the above exception, another exception occurred:

Traceback (most recent call last):
  File "./popular_projects_snippets_dataset/black/bodies/body_123_guide_4_7.py", line 49, in <module>
    err(f"Could not parse {gitignore}: {e}")
  File "./popular_projects_snippets_dataset/black/bodies/body_123_guide_4_7.py", line 10, in err
    print(f'Exit with: {aux}') # pragma: no cover
NameError: name 'aux' is not defined
Command exited with non-zero status 1
1.46user 3.94system 0:00.74elapsed 730%CPU (0avgtext+0avgdata 68872maxresident)k
0inputs+80outputs (0major+20273minor)pagefaults 0swaps
