07/27/2024 06:03:52 PM Logging starts
Exception: An error occurred

The above exception was the direct cause of the following exception:

Traceback (most recent call last):
  File "./popular_projects_snippets_dataset/black/bodies/body_64_refine_3_6.py", line 99, in <module>
    raise CannotTransform(
__main__.CannotTransform: The string transformer MockTransformer does not recognize this line as one that it can transform.
Command exited with non-zero status 1
1.35user 3.37system 0:00.94elapsed 499%CPU (0avgtext+0avgdata 106424maxresident)k
0inputs+40outputs (7major+24879minor)pagefaults 0swaps
