07/27/2024 02:57:31 PM Logging starts
Traceback (most recent call last):
  File "./popular_projects_snippets_dataset/black/bodies/body_123_guide_6_7.py", line 42, in <module>
    aux = PathSpec.from_lines("gitwildmatch", lines)
  File "./popular_projects_snippets_dataset/black/bodies/body_123_guide_6_7.py", line 14, in from_lines
    raise GitWildMatchPatternError('Mock error') # pragma: no cover
NameError: name 'GitWildMatchPatternError' is not defined

During handling of the above exception, another exception occurred:

Traceback (most recent call last):
  File "./popular_projects_snippets_dataset/black/bodies/body_123_guide_6_7.py", line 45, in <module>
    except GitWildMatchPatternError as e:
NameError: name 'GitWildMatchPatternError' is not defined
Command exited with non-zero status 1
1.43user 4.24system 0:00.61elapsed 923%CPU (0avgtext+0avgdata 69420maxresident)k
0inputs+72outputs (1major+20189minor)pagefaults 0swaps
