07/27/2024 06:08:41 PM Logging starts
__main__.CannotTransform: Mock transformation error

The above exception was the direct cause of the following exception:

Traceback (most recent call last):
  File "./popular_projects_snippets_dataset/black/bodies/body_64_guide_1_0.py", line 73, in <module>
    raise CannotTransform(
__main__.CannotTransform: StringTransformer failed while attempting to transform string.
Command exited with non-zero status 1
1.63user 3.99system 0:00.88elapsed 638%CPU (0avgtext+0avgdata 106428maxresident)k
0inputs+56outputs (1major+24518minor)pagefaults 0swaps
