07/27/2024 06:05:01 PM Logging starts
Exception: An error occurred

The above exception was the direct cause of the following exception:

Traceback (most recent call last):
  File "./popular_projects_snippets_dataset/black/bodies/body_64_refine_5_4.py", line 64, in <module>
    raise CannotTransform(
__main__.CannotTransform: The string transformer MockSelf does not recognize this line as one that it can transform.
Command exited with non-zero status 1
0.93user 2.34system 0:00.83elapsed 393%CPU (0avgtext+0avgdata 106160maxresident)k
0inputs+40outputs (0major+24540minor)pagefaults 0swaps
