07/27/2024 02:58:28 PM Logging starts
Could not parse .gitignore: Mock error
Traceback (most recent call last):
  File "./popular_projects_snippets_dataset/black/bodies/body_123_guide_8_9.py", line 43, in <module>
    aux = PathSpec.from_lines("gitwildmatch", lines)
  File "./popular_projects_snippets_dataset/black/bodies/body_123_guide_8_9.py", line 15, in from_lines
    raise GitWildMatchPatternError('Mock error') # pragma: no cover
pathspec.patterns.gitwildmatch.GitWildMatchPatternError: Mock error

During handling of the above exception, another exception occurred:

Traceback (most recent call last):
  File "./popular_projects_snippets_dataset/black/bodies/body_123_guide_8_9.py", line 49, in <module>
    err(f"Could not parse {gitignore}: {e}")
  File "./popular_projects_snippets_dataset/black/bodies/body_123_guide_8_9.py", line 10, in err
    print(f'Exit with: {aux}') # pragma: no cover
NameError: name 'aux' is not defined
Command exited with non-zero status 1
1.58user 4.01system 0:00.64elapsed 872%CPU (0avgtext+0avgdata 69184maxresident)k
0inputs+80outputs (1major+20298minor)pagefaults 0swaps
