07/28/2024 10:10:27 AM Logging starts
Traceback (most recent call last):
  File "./popular_projects_snippets_dataset/flask/bodies/body_23_refine_7_4.py", line 44, in <module>
    self.app.do_teardown_request(exc)
TypeError: <lambda>() takes 1 positional argument but 2 were given

During handling of the above exception, another exception occurred:

Traceback (most recent call last):
  File "./popular_projects_snippets_dataset/flask/bodies/body_23_refine_7_4.py", line 81, in <module>
    raise AssertionError(
AssertionError: Popped wrong request context. (<__main__.MockContext object at 0x7f9e6536b3d0> instead of <__main__.Mock object at 0x7f9ee66636d0>)
Command exited with non-zero status 1
1.57user 4.73system 0:00.71elapsed 886%CPU (0avgtext+0avgdata 108280maxresident)k
0inputs+96outputs (1major+24954minor)pagefaults 0swaps
