07/28/2024 10:38:17 AM Logging starts
Traceback (most recent call last):
  File "./popular_projects_snippets_dataset/flask/bodies/body_248_guide_7_5.py", line 90, in <module>
    attr = getattr(module, name)
AttributeError: 'types.SimpleNamespace' object has no attribute 'non_existent_func'

The above exception was the direct cause of the following exception:

Traceback (most recent call last):
  File "./popular_projects_snippets_dataset/flask/bodies/body_248_guide_7_5.py", line 95, in <module>
    raise NoAppException(
__main__.NoAppException: Failed to find attribute 'non_existent_func' in 'mock_module'.
Command exited with non-zero status 1
1.63user 4.76system 0:00.68elapsed 939%CPU (0avgtext+0avgdata 107984maxresident)k
0inputs+88outputs (0major+25071minor)pagefaults 0swaps
