07/28/2024 10:39:03 AM Logging starts
Traceback (most recent call last):
  File "./popular_projects_snippets_dataset/flask/bodies/body_248_guide_9_7.py", line 89, in <module>
    attr = getattr(module, name)
AttributeError: type object 'MockModule' has no attribute 'non_existent_attribute'

The above exception was the direct cause of the following exception:

Traceback (most recent call last):
  File "./popular_projects_snippets_dataset/flask/bodies/body_248_guide_9_7.py", line 94, in <module>
    raise NoAppException(
__main__.NoAppException: Failed to find attribute 'non_existent_attribute' in 'MockModule'.
Command exited with non-zero status 1
1.59user 4.87system 0:00.74elapsed 866%CPU (0avgtext+0avgdata 117356maxresident)k
0inputs+80outputs (1major+21742minor)pagefaults 0swaps
