07/28/2024 10:36:50 AM Logging starts
Traceback (most recent call last):
  File "./popular_projects_snippets_dataset/flask/bodies/body_248_guide_3_0.py", line 89, in <module>
    attr = getattr(module, name)
AttributeError: type object 'Mock' has no attribute 'fake_func'

The above exception was the direct cause of the following exception:

Traceback (most recent call last):
  File "./popular_projects_snippets_dataset/flask/bodies/body_248_guide_3_0.py", line 94, in <module>
    raise NoAppException(
__main__.NoAppException: Failed to find attribute 'fake_func' in 'Mock'.
Command exited with non-zero status 1
1.63user 4.84system 0:00.75elapsed 857%CPU (0avgtext+0avgdata 117052maxresident)k
0inputs+88outputs (0major+21863minor)pagefaults 0swaps
