07/28/2024 10:37:14 AM Logging starts
Traceback (most recent call last):
  File "./popular_projects_snippets_dataset/flask/bodies/body_248_guide_4_4.py", line 89, in <module>
    attr = getattr(module, name)
AttributeError: type object 'MockModule' has no attribute 'my_non_existent_function'

The above exception was the direct cause of the following exception:

Traceback (most recent call last):
  File "./popular_projects_snippets_dataset/flask/bodies/body_248_guide_4_4.py", line 94, in <module>
    raise NoAppException(
__main__.NoAppException: Failed to find attribute 'my_non_existent_function' in 'MockModule'.
Command exited with non-zero status 1
1.75user 4.73system 0:00.76elapsed 849%CPU (0avgtext+0avgdata 116752maxresident)k
0inputs+88outputs (0major+21782minor)pagefaults 0swaps
