07/28/2024 10:37:57 AM Logging starts
Traceback (most recent call last):
  File "./popular_projects_snippets_dataset/flask/bodies/body_248_guide_6_5.py", line 89, in <module>
    attr = getattr(module, name)
AttributeError: type object 'MockModule' has no attribute 'invalid_syntax_func'

The above exception was the direct cause of the following exception:

Traceback (most recent call last):
  File "./popular_projects_snippets_dataset/flask/bodies/body_248_guide_6_5.py", line 94, in <module>
    raise NoAppException(
__main__.NoAppException: Failed to find attribute 'invalid_syntax_func' in 'MockModule'.
Command exited with non-zero status 1
1.66user 4.80system 0:00.74elapsed 864%CPU (0avgtext+0avgdata 117024maxresident)k
0inputs+88outputs (0major+21713minor)pagefaults 0swaps
