07/28/2024 10:32:04 AM Logging starts
Traceback (most recent call last):
  File "./popular_projects_snippets_dataset/flask/bodies/body_248_initial_0.py", line 95, in <module>
    attr = getattr(module, name)
AttributeError: 'MockModule' object has no attribute 'app'

The above exception was the direct cause of the following exception:

Traceback (most recent call last):
  File "./popular_projects_snippets_dataset/flask/bodies/body_248_initial_0.py", line 100, in <module>
    raise NoAppException(
__main__.NoAppException: Failed to find attribute 'app' in 'mock_module'.
Command exited with non-zero status 1
1.65user 4.75system 0:00.68elapsed 938%CPU (0avgtext+0avgdata 108364maxresident)k
0inputs+80outputs (0major+25138minor)pagefaults 0swaps
