07/28/2024 10:38:42 AM Logging starts
Traceback (most recent call last):
  File "./popular_projects_snippets_dataset/flask/bodies/body_248_guide_8_6.py", line 89, in <module>
    attr = getattr(module, name)
AttributeError: type object 'MockModule' has no attribute 'invalid_command'

The above exception was the direct cause of the following exception:

Traceback (most recent call last):
  File "./popular_projects_snippets_dataset/flask/bodies/body_248_guide_8_6.py", line 94, in <module>
    raise NoAppException(
__main__.NoAppException: Failed to find attribute 'invalid_command' in 'MockModule'.
Command exited with non-zero status 1
1.63user 4.83system 0:00.75elapsed 855%CPU (0avgtext+0avgdata 117020maxresident)k
0inputs+88outputs (0major+21726minor)pagefaults 0swaps
