07/28/2024 10:32:06 AM Logging starts
Traceback (most recent call last):
  File "./popular_projects_snippets_dataset/flask/bodies/body_248_initial_2.py", line 89, in <module>
    attr = getattr(module, name)
AttributeError: type object 'ModuleMock' has no attribute 'app_instance'

The above exception was the direct cause of the following exception:

Traceback (most recent call last):
  File "./popular_projects_snippets_dataset/flask/bodies/body_248_initial_2.py", line 94, in <module>
    raise NoAppException(
__main__.NoAppException: Failed to find attribute 'app_instance' in 'ModuleMock'.
Command exited with non-zero status 1
1.56user 4.81system 0:00.66elapsed 956%CPU (0avgtext+0avgdata 108148maxresident)k
0inputs+80outputs (0major+25176minor)pagefaults 0swaps
