07/28/2024 10:09:01 AM Logging starts
Traceback (most recent call last):
  File "./popular_projects_snippets_dataset/flask/bodies/body_23_refine_2_5.py", line 48, in <module>
    request_close()
TypeError: <lambda>() takes 0 positional arguments but 1 was given

During handling of the above exception, another exception occurred:

Traceback (most recent call last):
  File "./popular_projects_snippets_dataset/flask/bodies/body_23_refine_2_5.py", line 77, in <module>
    raise AssertionError(
AssertionError: Popped wrong request context. (<__main__.MockCtx object at 0x7f4db6ab1160> instead of <__main__.MockSelf object at 0x7f4db6d0b910>)
Command exited with non-zero status 1
1.60user 4.78system 0:00.66elapsed 955%CPU (0avgtext+0avgdata 108156maxresident)k
0inputs+120outputs (1major+24914minor)pagefaults 0swaps
