07/28/2024 10:38:13 AM Logging starts
Traceback (most recent call last):
  File "./popular_projects_snippets_dataset/flask/bodies/body_248_guide_7_1.py", line 90, in <module>
    attr = getattr(module, name)
AttributeError: 'types.SimpleNamespace' object has no attribute 'non_existent_attr'

The above exception was the direct cause of the following exception:

Traceback (most recent call last):
  File "./popular_projects_snippets_dataset/flask/bodies/body_248_guide_7_1.py", line 95, in <module>
    raise NoAppException(
__main__.NoAppException: Failed to find attribute 'non_existent_attr' in 'mock_module'.
Command exited with non-zero status 1
1.58user 4.81system 0:00.67elapsed 951%CPU (0avgtext+0avgdata 108424maxresident)k
0inputs+80outputs (0major+25173minor)pagefaults 0swaps
