07/28/2024 10:38:18 AM Logging starts
Traceback (most recent call last):
  File "./popular_projects_snippets_dataset/flask/bodies/body_248_guide_7_6.py", line 89, in <module>
    attr = getattr(module, name)
AttributeError: type object 'MockModule' has no attribute 'non_existent_attr'

The above exception was the direct cause of the following exception:

Traceback (most recent call last):
  File "./popular_projects_snippets_dataset/flask/bodies/body_248_guide_7_6.py", line 94, in <module>
    raise NoAppException(
__main__.NoAppException: Failed to find attribute 'non_existent_attr' in 'MockModule'.
Command exited with non-zero status 1
1.46user 4.93system 0:00.67elapsed 946%CPU (0avgtext+0avgdata 108268maxresident)k
0inputs+80outputs (9major+25130minor)pagefaults 0swaps
