07/28/2024 10:32:28 AM Logging starts
Traceback (most recent call last):
  File "./popular_projects_snippets_dataset/flask/bodies/body_248_refine_0_5.py", line 110, in <module>
    attr = getattr(module, name)
AttributeError: 'MockModule' object has no attribute 'app'

The above exception was the direct cause of the following exception:

Traceback (most recent call last):
  File "./popular_projects_snippets_dataset/flask/bodies/body_248_refine_0_5.py", line 115, in <module>
    raise NoAppException(
__main__.NoAppException: Failed to find attribute 'app' in 'mock_module'.
Command exited with non-zero status 1
1.63user 4.76system 0:00.67elapsed 950%CPU (0avgtext+0avgdata 108308maxresident)k
0inputs+80outputs (0major+25115minor)pagefaults 0swaps
