07/28/2024 10:36:37 AM Logging starts
Traceback (most recent call last):
  File "./popular_projects_snippets_dataset/flask/bodies/body_248_guide_2_7.py", line 89, in <module>
    attr = getattr(module, name)
AttributeError: type object 'MockModule' has no attribute 'some_non_existent_function'

The above exception was the direct cause of the following exception:

Traceback (most recent call last):
  File "./popular_projects_snippets_dataset/flask/bodies/body_248_guide_2_7.py", line 94, in <module>
    raise NoAppException(
__main__.NoAppException: Failed to find attribute 'some_non_existent_function' in 'MockModule'.
Command exited with non-zero status 1
1.65user 4.74system 0:00.67elapsed 948%CPU (0avgtext+0avgdata 108628maxresident)k
0inputs+88outputs (0major+25133minor)pagefaults 0swaps
