07/28/2024 10:36:39 AM Logging starts
Traceback (most recent call last):
  File "./popular_projects_snippets_dataset/flask/bodies/body_248_guide_2_9.py", line 89, in <module>
    attr = getattr(module, name)
AttributeError: type object 'MockModule' has no attribute 'non_existent_func'

The above exception was the direct cause of the following exception:

Traceback (most recent call last):
  File "./popular_projects_snippets_dataset/flask/bodies/body_248_guide_2_9.py", line 94, in <module>
    raise NoAppException(
__main__.NoAppException: Failed to find attribute 'non_existent_func' in 'MockModule'.
Command exited with non-zero status 1
1.67user 4.80system 0:00.75elapsed 861%CPU (0avgtext+0avgdata 117060maxresident)k
0inputs+88outputs (12major+21792minor)pagefaults 0swaps
