07/28/2024 10:38:44 AM Logging starts
Traceback (most recent call last):
  File "./popular_projects_snippets_dataset/flask/bodies/body_248_guide_8_8.py", line 89, in <module>
    attr = getattr(module, name)
AttributeError: type object 'Mock' has no attribute 'non_existent_attr'

The above exception was the direct cause of the following exception:

Traceback (most recent call last):
  File "./popular_projects_snippets_dataset/flask/bodies/body_248_guide_8_8.py", line 94, in <module>
    raise NoAppException(
__main__.NoAppException: Failed to find attribute 'non_existent_attr' in 'Mock'.
Command exited with non-zero status 1
1.73user 4.73system 0:00.73elapsed 878%CPU (0avgtext+0avgdata 117412maxresident)k
0inputs+80outputs (0major+21726minor)pagefaults 0swaps
