07/28/2024 10:35:55 AM Logging starts
Traceback (most recent call last):
  File "./popular_projects_snippets_dataset/flask/bodies/body_248_guide_0_3.py", line 107, in <module>
    app = attr(*args, **kwargs)
  File "./popular_projects_snippets_dataset/flask/bodies/body_248_guide_0_3.py", line 6, in <lambda>
    module = type('MockModule', (object,), {'my_flask_app': lambda: Flask(__name__)}) # pragma: no cover
TypeError: Flask() takes no arguments

The above exception was the direct cause of the following exception:

Traceback (most recent call last):
  File "./popular_projects_snippets_dataset/flask/bodies/body_248_guide_0_3.py", line 118, in <module>
    raise NoAppException(
__main__.NoAppException: The factory 'my_flask_app' in module 'MockModule' could not be called with the specified arguments.
Command exited with non-zero status 1
1.58user 4.74system 0:00.71elapsed 890%CPU (0avgtext+0avgdata 108216maxresident)k
0inputs+104outputs (3major+25252minor)pagefaults 0swaps
