07/28/2024 10:39:01 AM Logging starts
Traceback (most recent call last):
  File "./popular_projects_snippets_dataset/flask/bodies/body_248_guide_9_4.py", line 107, in <module>
    app = attr(*args, **kwargs)
TypeError: <lambda>() missing 2 required positional arguments: 'x' and 'y'

The above exception was the direct cause of the following exception:

Traceback (most recent call last):
  File "./popular_projects_snippets_dataset/flask/bodies/body_248_guide_9_4.py", line 118, in <module>
    raise NoAppException(
__main__.NoAppException: The factory 'call_function()' in module 'MockModule' could not be called with the specified arguments.
Command exited with non-zero status 1
1.81user 4.66system 0:00.75elapsed 862%CPU (0avgtext+0avgdata 117088maxresident)k
0inputs+112outputs (0major+21713minor)pagefaults 0swaps
