07/28/2024 10:08:43 AM Logging starts
Traceback (most recent call last):
  File "./popular_projects_snippets_dataset/flask/bodies/body_23_refine_1_1.py", line 43, in <module>
    self.app.do_teardown_request(exc)
TypeError: <lambda>() takes 1 positional argument but 2 were given

During handling of the above exception, another exception occurred:

Traceback (most recent call last):
  File "./popular_projects_snippets_dataset/flask/bodies/body_23_refine_1_1.py", line 80, in <module>
    raise AssertionError(
AssertionError: Popped wrong request context. (<__main__.MockCtx object at 0x7fca30418670> instead of <__main__.MockSelf object at 0x7fcab1713970>)
Command exited with non-zero status 1
1.60user 4.77system 0:00.66elapsed 964%CPU (0avgtext+0avgdata 107720maxresident)k
0inputs+96outputs (3major+25020minor)pagefaults 0swaps
