07/28/2024 10:31:37 AM Logging starts
Traceback (most recent call last):
  File "./popular_projects_snippets_dataset/flask/bodies/body_75_guide_9_6.py", line 23, in <module>
    aux = super().on_json_loading_failed(e)
  File "./popular_projects_snippets_dataset/flask/bodies/body_75_guide_9_6.py", line 6, in on_json_loading_failed
    raise BadRequest('Simulated JSON loading failure') # pragma: no cover
werkzeug.exceptions.BadRequest: 400 Bad Request: Simulated JSON loading failure

The above exception was the direct cause of the following exception:

Traceback (most recent call last):
  File "./popular_projects_snippets_dataset/flask/bodies/body_75_guide_9_6.py", line 35, in <module>
    raise BadRequest() from e
werkzeug.exceptions.BadRequest: 400 Bad Request: The browser (or proxy) sent a request that this server could not understand.
Command exited with non-zero status 1
1.72user 4.73system 0:00.74elapsed 866%CPU (0avgtext+0avgdata 117092maxresident)k
0inputs+32outputs (0major+21573minor)pagefaults 0swaps
