07/28/2024 10:32:07 AM Logging starts
Traceback (most recent call last):
  File "./popular_projects_snippets_dataset/flask/bodies/body_248_initial_3.py", line 91, in <module>
    attr = getattr(module, name)
AttributeError: 'Mock' object has no attribute 'my_function'

The above exception was the direct cause of the following exception:

Traceback (most recent call last):
  File "./popular_projects_snippets_dataset/flask/bodies/body_248_initial_3.py", line 96, in <module>
    raise NoAppException(
__main__.NoAppException: Failed to find attribute 'my_function' in 'mock_module'.
Command exited with non-zero status 1
1.67user 4.78system 0:00.75elapsed 861%CPU (0avgtext+0avgdata 117168maxresident)k
0inputs+88outputs (0major+21653minor)pagefaults 0swaps
