07/28/2024 10:10:40 AM Logging starts
Traceback (most recent call last):
  File "./popular_projects_snippets_dataset/flask/bodies/body_23_refine_8_1.py", line 40, in <module>
    self.app.do_teardown_request(exc)
TypeError: <lambda>() takes 1 positional argument but 2 were given

During handling of the above exception, another exception occurred:

Traceback (most recent call last):
  File "./popular_projects_snippets_dataset/flask/bodies/body_23_refine_8_1.py", line 77, in <module>
    raise AssertionError(
AssertionError: Popped wrong request context. (<__main__.Mock object at 0x7ff940a0e3d0> instead of <Mock>)
Command exited with non-zero status 1
1.50user 4.88system 0:00.64elapsed 990%CPU (0avgtext+0avgdata 108044maxresident)k
0inputs+96outputs (0major+24957minor)pagefaults 0swaps
