07/28/2024 10:37:56 AM Logging starts
Traceback (most recent call last):
  File "./popular_projects_snippets_dataset/flask/bodies/body_248_guide_6_4.py", line 89, in <module>
    attr = getattr(module, name)
AttributeError: type object 'MockModule' has no attribute 'nonexistent_func'

The above exception was the direct cause of the following exception:

Traceback (most recent call last):
  File "./popular_projects_snippets_dataset/flask/bodies/body_248_guide_6_4.py", line 94, in <module>
    raise NoAppException(
__main__.NoAppException: Failed to find attribute 'nonexistent_func' in 'MockModule'.
Command exited with non-zero status 1
1.73user 4.73system 0:00.75elapsed 854%CPU (0avgtext+0avgdata 117228maxresident)k
0inputs+88outputs (0major+21702minor)pagefaults 0swaps
