07/28/2024 10:38:21 AM Logging starts
Traceback (most recent call last):
  File "./popular_projects_snippets_dataset/flask/bodies/body_248_guide_7_9.py", line 89, in <module>
    attr = getattr(module, name)
AttributeError: type object 'MockModule' has no attribute 'fake_func'

The above exception was the direct cause of the following exception:

Traceback (most recent call last):
  File "./popular_projects_snippets_dataset/flask/bodies/body_248_guide_7_9.py", line 94, in <module>
    raise NoAppException(
__main__.NoAppException: Failed to find attribute 'fake_func' in 'MockModule'.
Command exited with non-zero status 1
1.65user 4.70system 0:00.67elapsed 938%CPU (0avgtext+0avgdata 108352maxresident)k
0inputs+88outputs (0major+25176minor)pagefaults 0swaps
