07/28/2024 10:32:14 AM Logging starts
Traceback (most recent call last):
  File "./popular_projects_snippets_dataset/flask/bodies/body_248_initial_9.py", line 90, in <module>
    attr = getattr(module, name)
AttributeError: type object 'MockModule' has no attribute 'example_app'

The above exception was the direct cause of the following exception:

Traceback (most recent call last):
  File "./popular_projects_snippets_dataset/flask/bodies/body_248_initial_9.py", line 95, in <module>
    raise NoAppException(
__main__.NoAppException: Failed to find attribute 'example_app' in 'MockModule'.
Command exited with non-zero status 1
1.56user 4.82system 0:00.67elapsed 953%CPU (0avgtext+0avgdata 108628maxresident)k
0inputs+80outputs (0major+25191minor)pagefaults 0swaps
