07/28/2024 10:10:56 AM Logging starts
Traceback (most recent call last):
  File "./popular_projects_snippets_dataset/flask/bodies/body_23_refine_9_0.py", line 40, in <module>
    self.app.do_teardown_request(exc)
TypeError: <lambda>() takes 1 positional argument but 2 were given

During handling of the above exception, another exception occurred:

Traceback (most recent call last):
  File "./popular_projects_snippets_dataset/flask/bodies/body_23_refine_9_0.py", line 77, in <module>
    raise AssertionError(
AssertionError: Popped wrong request context. (<__main__.MockCtx object at 0x7f4240a9e3d0> instead of <__main__.Mock object at 0x7f42c1d949a0>)
Command exited with non-zero status 1
1.59user 4.81system 0:00.68elapsed 935%CPU (0avgtext+0avgdata 107812maxresident)k
0inputs+96outputs (0major+24944minor)pagefaults 0swaps
