07/28/2024 10:38:00 AM Logging starts
Traceback (most recent call last):
  File "./popular_projects_snippets_dataset/flask/bodies/body_248_guide_6_8.py", line 90, in <module>
    attr = getattr(module, name)
AttributeError: 'types.SimpleNamespace' object has no attribute 'non_existent_function'

The above exception was the direct cause of the following exception:

Traceback (most recent call last):
  File "./popular_projects_snippets_dataset/flask/bodies/body_248_guide_6_8.py", line 95, in <module>
    raise NoAppException(
__main__.NoAppException: Failed to find attribute 'non_existent_function' in 'mock_module'.
Command exited with non-zero status 1
1.50user 4.89system 0:00.67elapsed 946%CPU (0avgtext+0avgdata 108064maxresident)k
0inputs+88outputs (2major+25144minor)pagefaults 0swaps
