07/28/2024 10:11:14 AM Logging starts
Traceback (most recent call last):
  File "./popular_projects_snippets_dataset/flask/bodies/body_23_guide_0_1.py", line 54, in <module>
    exc = sys.exc_info()[1]
NameError: name 'sys' is not defined

During handling of the above exception, another exception occurred:

Traceback (most recent call last):
  File "./popular_projects_snippets_dataset/flask/bodies/body_23_guide_0_1.py", line 93, in <module>
    raise AssertionError(
AssertionError: Popped wrong request context. (<__main__.Self object at 0x7f924b99ce80> instead of <__main__.Self object at 0x7f924b888d30>)
Command exited with non-zero status 1
1.54user 4.84system 0:00.67elapsed 942%CPU (0avgtext+0avgdata 107916maxresident)k
0inputs+120outputs (2major+25023minor)pagefaults 0swaps
